// Jest Snapshot v1, https://goo.gl/fbAQLP

exports[`Map Snapshot +++capturing Map Snapshot 1`] = `
<div
  className="leaflet"
/>
`;
