// Jest Snapshot v1, https://goo.gl/fbAQLP

exports[`User Table Snapshot +++capturing User Table Snapshot 1`] = `
<div>
  <div
    className="ant-table-wrapper"
  >
    <div
      className="ant-spin-nested-loading"
    >
      <div
        className="ant-spin-container"
      >
        <div
          className="ant-table ant-table-small ant-table-empty"
        >
          <div
            className="ant-table-container"
          >
            <div
              className="ant-table-content"
              onScroll={[Function]}
              style={Object {}}
            >
              <table
                style={
                  Object {
                    "tableLayout": "auto",
                  }
                }
              >
                <colgroup>
                  <col
                    className="ant-table-selection-col"
                    style={
                      Object {
                        "minWidth": undefined,
                        "width": undefined,
                      }
                    }
                  />
                </colgroup>
                <thead
                  className="ant-table-thead"
                >
                  <tr>
                    <th
                      className="ant-table-cell ant-table-selection-column"
                      colSpan={null}
                      rowSpan={null}
                      style={Object {}}
                    >
                      <div
                        className="ant-table-selection"
                      >
                        <label
                          className="ant-checkbox-wrapper ant-checkbox-wrapper-disabled"
                        >
                          <span
                            className="ant-checkbox ant-checkbox-disabled"
                            style={Object {}}
                          >
                            <input
                              checked={false}
                              className="ant-checkbox-input"
                              disabled={true}
                              onBlur={[Function]}
                              onChange={[Function]}
                              onFocus={[Function]}
                              onKeyDown={[Function]}
                              onKeyPress={[Function]}
                              onKeyUp={[Function]}
                              type="checkbox"
                            />
                            <span
                              className="ant-checkbox-inner"
                            />
                          </span>
                        </label>
                      </div>
                    </th>
                    <th
                      className="ant-table-cell"
                      colSpan={null}
                      rowSpan={null}
                      style={Object {}}
                    >
                      Имя
                    </th>
                    <th
                      className="ant-table-cell"
                      colSpan={null}
                      rowSpan={null}
                      style={Object {}}
                    >
                      Телефон
                    </th>
                  </tr>
                </thead>
                <tbody
                  className="ant-table-tbody"
                >
                  <tr
                    className="ant-table-placeholder"
                    style={
                      Object {
                        "display": null,
                      }
                    }
                  >
                    <td
                      className="ant-table-cell"
                      colSpan={3}
                      rowSpan={null}
                      style={Object {}}
                    >
                      <div
                        className="ant-empty ant-empty-normal"
                      >
                        <div
                          className="ant-empty-image"
                        >
                          <svg
                            className="ant-empty-img-simple"
                            height="41"
                            viewBox="0 0 64 41"
                            width="64"
                            xmlns="http://www.w3.org/2000/svg"
                          >
                            <g
                              fill="none"
                              fillRule="evenodd"
                              transform="translate(0 1)"
                            >
                              <ellipse
                                className="ant-empty-img-simple-ellipse"
                                cx="32"
                                cy="33"
                                rx="32"
                                ry="7"
                              />
                              <g
                                className="ant-empty-img-simple-g"
                                fillRule="nonzero"
                              >
                                <path
                                  d="M55 12.76L44.854 1.258C44.367.474 43.656 0 42.907 0H21.093c-.749 0-1.46.474-1.947 1.257L9 12.761V22h46v-9.24z"
                                />
                                <path
                                  className="ant-empty-img-simple-path"
                                  d="M41.613 15.931c0-1.605.994-2.93 2.227-2.931H55v18.137C55 33.26 53.68 35 52.05 35h-40.1C10.32 35 9 33.259 9 31.137V13h11.16c1.233 0 2.227 1.323 2.227 2.928v.022c0 1.605 1.005 2.901 2.237 2.901h14.752c1.232 0 2.237-1.308 2.237-2.913v-.007z"
                                />
                              </g>
                            </g>
                          </svg>
                        </div>
                        <div
                          className="ant-empty-description"
                        >
                          No Data
                        </div>
                      </div>
                    </td>
                  </tr>
                </tbody>
              </table>
            </div>
          </div>
        </div>
      </div>
    </div>
  </div>
</div>
`;
